// Jest Snapshot v1, https://goo.gl/fbAQLP

exports[`actions send basic 1`] = `undefined`;

exports[`actions send currentRecord.data 1`] = `
{
  "username": "testname",
}
`;
